Archive member included because of file (symbol)

c:/siliconlabs/simplicitystudio/v3/developer/toolchains/gnu_arm/4.8_2013q4/bin/../lib/gcc/arm-none-eabi/4.8.3/armv7-m\libgcc.a(_arm_addsubsf3.o)
                              ./Drivers/vddcheck.o (__aeabi_fsub)
c:/siliconlabs/simplicitystudio/v3/developer/toolchains/gnu_arm/4.8_2013q4/bin/../lib/gcc/arm-none-eabi/4.8.3/armv7-m\libgcc.a(_arm_muldivsf3.o)
                              ./Drivers/vddcheck.o (__aeabi_fdiv)
c:/siliconlabs/simplicitystudio/v3/developer/toolchains/gnu_arm/4.8_2013q4/bin/../lib/gcc/arm-none-eabi/4.8.3/armv7-m\libgcc.a(_arm_fixunssfsi.o)
                              ./Drivers/vddcheck.o (__aeabi_f2uiz)
c:/siliconlabs/simplicitystudio/v3/developer/toolchains/gnu_arm/4.8_2013q4/bin/../lib/gcc/arm-none-eabi/4.8.3/armv7-m\libgcc.a(_aeabi_uldivmod.o)
                              ./Drivers/rtcdriver.o (__aeabi_uldivmod)
c:/siliconlabs/simplicitystudio/v3/developer/toolchains/gnu_arm/4.8_2013q4/bin/../lib/gcc/arm-none-eabi/4.8.3/armv7-m\libgcc.a(bpabi.o)
                              c:/siliconlabs/simplicitystudio/v3/developer/toolchains/gnu_arm/4.8_2013q4/bin/../lib/gcc/arm-none-eabi/4.8.3/armv7-m\libgcc.a(_aeabi_uldivmod.o) (__gnu_uldivmod_helper)
c:/siliconlabs/simplicitystudio/v3/developer/toolchains/gnu_arm/4.8_2013q4/bin/../lib/gcc/arm-none-eabi/4.8.3/armv7-m\libgcc.a(_dvmd_tls.o)
                              c:/siliconlabs/simplicitystudio/v3/developer/toolchains/gnu_arm/4.8_2013q4/bin/../lib/gcc/arm-none-eabi/4.8.3/armv7-m\libgcc.a(_aeabi_uldivmod.o) (__aeabi_ldiv0)
c:/siliconlabs/simplicitystudio/v3/developer/toolchains/gnu_arm/4.8_2013q4/bin/../lib/gcc/arm-none-eabi/4.8.3/armv7-m\libgcc.a(_divdi3.o)
                              c:/siliconlabs/simplicitystudio/v3/developer/toolchains/gnu_arm/4.8_2013q4/bin/../lib/gcc/arm-none-eabi/4.8.3/armv7-m\libgcc.a(bpabi.o) (__divdi3)
c:/siliconlabs/simplicitystudio/v3/developer/toolchains/gnu_arm/4.8_2013q4/bin/../lib/gcc/arm-none-eabi/4.8.3/armv7-m\libgcc.a(_udivdi3.o)
                              c:/siliconlabs/simplicitystudio/v3/developer/toolchains/gnu_arm/4.8_2013q4/bin/../lib/gcc/arm-none-eabi/4.8.3/armv7-m\libgcc.a(bpabi.o) (__udivdi3)
c:/siliconlabs/simplicitystudio/v3/developer/toolchains/gnu_arm/4.8_2013q4/bin/../lib/gcc/arm-none-eabi/4.8.3/../../../../arm-none-eabi/lib/armv7-m\libc_s.a(lib_a-abs.o)
                              ./Drivers/segmentlcd.o (abs)
c:/siliconlabs/simplicitystudio/v3/developer/toolchains/gnu_arm/4.8_2013q4/bin/../lib/gcc/arm-none-eabi/4.8.3/../../../../arm-none-eabi/lib/armv7-m\libc_s.a(lib_a-exit.o)
                              c:/siliconlabs/simplicitystudio/v3/developer/toolchains/gnu_arm/4.8_2013q4/bin/../lib/gcc/arm-none-eabi/4.8.3/../../../../arm-none-eabi/lib/armv7-m/crt0.o (exit)
c:/siliconlabs/simplicitystudio/v3/developer/toolchains/gnu_arm/4.8_2013q4/bin/../lib/gcc/arm-none-eabi/4.8.3/../../../../arm-none-eabi/lib/armv7-m\libc_s.a(lib_a-impure.o)
                              c:/siliconlabs/simplicitystudio/v3/developer/toolchains/gnu_arm/4.8_2013q4/bin/../lib/gcc/arm-none-eabi/4.8.3/../../../../arm-none-eabi/lib/armv7-m\libc_s.a(lib_a-exit.o) (_global_impure_ptr)
c:/siliconlabs/simplicitystudio/v3/developer/toolchains/gnu_arm/4.8_2013q4/bin/../lib/gcc/arm-none-eabi/4.8.3/../../../../arm-none-eabi/lib/armv7-m\libc_s.a(lib_a-init.o)
                              c:/siliconlabs/simplicitystudio/v3/developer/toolchains/gnu_arm/4.8_2013q4/bin/../lib/gcc/arm-none-eabi/4.8.3/../../../../arm-none-eabi/lib/armv7-m/crt0.o (__libc_init_array)
c:/siliconlabs/simplicitystudio/v3/developer/toolchains/gnu_arm/4.8_2013q4/bin/../lib/gcc/arm-none-eabi/4.8.3/../../../../arm-none-eabi/lib/armv7-m\libc_s.a(lib_a-memset.o)
                              c:/siliconlabs/simplicitystudio/v3/developer/toolchains/gnu_arm/4.8_2013q4/bin/../lib/gcc/arm-none-eabi/4.8.3/../../../../arm-none-eabi/lib/armv7-m/crt0.o (memset)
c:/siliconlabs/simplicitystudio/v3/developer/toolchains/gnu_arm/4.8_2013q4/bin/../lib/gcc/arm-none-eabi/4.8.3/../../../../arm-none-eabi/lib/armv7-m\libc_s.a(lib_a-snprintf.o)
                              ./src/touchdemo.o (snprintf)
c:/siliconlabs/simplicitystudio/v3/developer/toolchains/gnu_arm/4.8_2013q4/bin/../lib/gcc/arm-none-eabi/4.8.3/../../../../arm-none-eabi/lib/armv7-m\libc_s.a(lib_a-strlen.o)
                              ./src/touchdemo.o (strlen)
c:/siliconlabs/simplicitystudio/v3/developer/toolchains/gnu_arm/4.8_2013q4/bin/../lib/gcc/arm-none-eabi/4.8.3/../../../../arm-none-eabi/lib/armv7-m\libc_s.a(lib_a-svfprintf.o)
                              c:/siliconlabs/simplicitystudio/v3/developer/toolchains/gnu_arm/4.8_2013q4/bin/../lib/gcc/arm-none-eabi/4.8.3/../../../../arm-none-eabi/lib/armv7-m\libc_s.a(lib_a-snprintf.o) (_svfprintf_r)
c:/siliconlabs/simplicitystudio/v3/developer/toolchains/gnu_arm/4.8_2013q4/bin/../lib/gcc/arm-none-eabi/4.8.3/../../../../arm-none-eabi/lib/armv7-m\libc_s.a(lib_a-vfprintf_i.o)
[...]
Memory Configuration

Name             Origin             Length             Attributes
FLASH            0x00000000         0x00100000         xr
RAM              0x20000000         0x00020000         xrw
*default*        0x00000000         0xffffffff

Linker script and memory map

LOAD c:/siliconlabs/simplicitystudio/v3/developer/toolchains/gnu_arm/4.8_2013q4/bin/../lib/gcc/arm-none-eabi/4.8.3/armv7-m/crti.o
LOAD c:/siliconlabs/simplicitystudio/v3/developer/toolchains/gnu_arm/4.8_2013q4/bin/../lib/gcc/arm-none-eabi/4.8.3/armv7-m/crtbegin.o
LOAD c:/siliconlabs/simplicitystudio/v3/developer/toolchains/gnu_arm/4.8_2013q4/bin/../lib/gcc/arm-none-eabi/4.8.3/../../../../arm-none-eabi/lib/armv7-m/crt0.o
LOAD ./src/touchdemo.o
LOAD ./emlib/em_acmp.o
LOAD ./emlib/em_assert.o
LOAD ./emlib/em_cmu.o
LOAD ./emlib/em_emu.o
LOAD ./emlib/em_gpio.o
LOAD ./emlib/em_int.o
LOAD ./emlib/em_lcd.o
LOAD ./emlib/em_lesense.o
LOAD ./emlib/em_rtc.o
LOAD ./emlib/em_system.o
LOAD ./emlib/em_vcmp.o
LOAD ./Drivers/caplesense.o
LOAD ./Drivers/rtcdriver.o
LOAD ./Drivers/segmentlcd.o
LOAD ./Drivers/vddcheck.o
LOAD ./CMSIS/efm32gg/startup_efm32gg.o
LOAD ./CMSIS/efm32gg/system_efm32gg.o
LOAD ./BSP/bsp_trace.o
START GROUP
LOAD c:/siliconlabs/simplicitystudio/v3/developer/toolchains/gnu_arm/4.8_2013q4/bin/../lib/gcc/arm-none-eabi/4.8.3/armv7-m\libgcc.a
LOAD c:/siliconlabs/simplicitystudio/v3/developer/toolchains/gnu_arm/4.8_2013q4/bin/../lib/gcc/arm-none-eabi/4.8.3/../../../../arm-none-eabi/lib/armv7-m\libc_s.a
LOAD c:/siliconlabs/simplicitystudio/v3/developer/toolchains/gnu_arm/4.8_2013q4/bin/../lib/gcc/arm-none-eabi/4.8.3/../../../../arm-none-eabi/lib/armv7-m\libnosys.a
END GROUP
START GROUP
LOAD c:/siliconlabs/simplicitystudio/v3/developer/toolchains/gnu_arm/4.8_2013q4/bin/../lib/gcc/arm-none-eabi/4.8.3/armv7-m\libgcc.a
LOAD c:/siliconlabs/simplicitystudio/v3/developer/toolchains/gnu_arm/4.8_2013q4/bin/../lib/gcc/arm-none-eabi/4.8.3/../../../../arm-none-eabi/lib/armv7-m\libg_s.a
LOAD c:/siliconlabs/simplicitystudio/v3/developer/toolchains/gnu_arm/4.8_2013q4/bin/../lib/gcc/arm-none-eabi/4.8.3/../../../../arm-none-eabi/lib/armv7-m\libc_s.a
END GROUP
START GROUP
LOAD c:/siliconlabs/simplicitystudio/v3/developer/toolchains/gnu_arm/4.8_2013q4/bin/../lib/gcc/arm-none-eabi/4.8.3/armv7-m\libgcc.a
LOAD c:/siliconlabs/simplicitystudio/v3/developer/toolchains/gnu_arm/4.8_2013q4/bin/../lib/gcc/arm-none-eabi/4.8.3/../../../../arm-none-eabi/lib/armv7-m\libc_s.a
END GROUP
LOAD c:/siliconlabs/simplicitystudio/v3/developer/toolchains/gnu_arm/4.8_2013q4/bin/../lib/gcc/arm-none-eabi/4.8.3/armv7-m/crtend.o
LOAD c:/siliconlabs/simplicitystudio/v3/developer/toolchains/gnu_arm/4.8_2013q4/bin/../lib/gcc/arm-none-eabi/4.8.3/armv7-m/crtn.o

.text           0x00000000     0x6744
 *(.vectors)
 .vectors       0x00000000       0xdc ./CMSIS/efm32gg/startup_efm32gg.o
                0x00000000                __Vectors
                0x000000dc                __Vectors_End = .
                0x000000dc                __Vectors_Size = (__Vectors_End - __Vectors)
                0x000000dc                __end__ = .
 *(.text*)
 .text          0x000000dc       0x54 c:/siliconlabs/simplicitystudio/v3/developer/toolchains/gnu_arm/4.8_2013q4/bin/../lib/gcc/arm-none-eabi/4.8.3/armv7-m/crtbegin.o
 .text          0x00000130       0x74 c:/siliconlabs/simplicitystudio/v3/developer/toolchains/gnu_arm/4.8_2013q4/bin/../lib/gcc/arm-none-eabi/4.8.3/../../../../arm-none-eabi/lib/armv7-m/crt0.o
                0x00000130                _start
                0x00000130                _mainCRTStartup
 .text.NVIC_EnableIRQ
                0x000001a4       0x30 ./src/touchdemo.o
 .text.NVIC_ClearPendingIRQ
                0x000001d4       0x34 ./src/touchdemo.o
 .text.SystemCoreClockUpdate
                0x00000208        0xc ./src/touchdemo.o
 .text.GPIO_IntClear
                0x00000214       0x20 ./src/touchdemo.o
 .text.GPIO_IntConfig
                0x00000234       0x2c ./src/touchdemo.o
 .text.CHIP_Init
                0x00000260       0x40 ./src/touchdemo.o
 .text.GPIO_ODD_IRQHandler
                0x000002a0       0x58 ./src/touchdemo.o
                0x000002a0                GPIO_ODD_IRQHandler
 .text.GPIO_EVEN_IRQHandler
                0x000002f8       0x3c ./src/touchdemo.o
                0x000002f8                GPIO_EVEN_IRQHandler
 .text.gpioSetup
                0x00000334       0x68 ./src/touchdemo.o
                0x00000334                gpioSetup
 .text.capSenseAringUpdate
                0x0000039c       0x60 ./src/touchdemo.o
                0x0000039c                capSenseAringUpdate
 .text.capSenseBars
                0x000003fc       0xac ./src/touchdemo.o
                0x000003fc                capSenseBars
 .text.capSenseValues
                0x000004a8       0xd0 ./src/touchdemo.o
                0x000004a8                capSenseValues
 .text.capSenseScrollText
                0x00000578       0x80 ./src/touchdemo.o
                0x00000578                capSenseScrollText
 .text.capSenseDemo
                0x000005f8      0x130 ./src/touchdemo.o
                0x000005f8                capSenseDemo
 .text.capSenseTimerFired
                0x00000728       0x20 ./src/touchdemo.o
                0x00000728                capSenseTimerFired
 .text.capSenseScanComplete
                0x00000748        0xc ./src/touchdemo.o
                0x00000748                capSenseScanComplete
 .text.capSenseChTrigger
                0x00000754       0x18 ./src/touchdemo.o
                0x00000754                capSenseChTrigger
 .text.main     0x0000076c       0x24 ./src/touchdemo.o
                0x0000076c                main
 .text.BUS_RegBitWrite
                0x00000790       0x2c ./emlib/em_acmp.o
 .text.BUS_RegMaskedWrite
                0x000007bc       0x28 ./emlib/em_acmp.o
 .text.ACMP_CapsenseInit
                0x000007e4       0x8c ./emlib/em_acmp.o
                0x000007e4                ACMP_CapsenseInit
 .text.ACMP_GPIOSetup
                0x00000870       0x4c ./emlib/em_acmp.o
                0x00000870                ACMP_GPIOSetup
 .text.BUS_RegBitWrite
                0x000008bc       0x2c ./emlib/em_cmu.o
 .text.BUS_RegBitRead
                0x000008e8       0x2c ./emlib/em_cmu.o
 .text.CMU_DivToLog2
                0x00000914       0x34 ./emlib/em_cmu.o
 .text.SYSTEM_GetProdRev
                0x00000948       0x1c ./emlib/em_cmu.o
 .text.SYSTEM_GetFamily
                0x00000964       0x20 ./emlib/em_cmu.o
 .text.maxFreqHfle
                0x00000984       0x78 ./emlib/em_cmu.o
 .text.setHfLeConfig
                0x000009fc       0x3c ./emlib/em_cmu.o
 .text.getHfLeConfig
                0x00000a38       0x2c ./emlib/em_cmu.o
 .text.auxClkGet
                0x00000a64       0xb0 ./emlib/em_cmu.o
 .text.dbgClkGet
                0x00000b14       0x40 ./emlib/em_cmu.o
 .text.flashWaitStateControl
                0x00000b54       0xb8 ./emlib/em_cmu.o
 .text.flashWaitStateMax
                0x00000c0c       0x14 ./emlib/em_cmu.o
 .text.lfClkGet
                0x00000c20       0xec ./emlib/em_cmu.o
 .text.syncReg  0x00000d0c       0x34 ./emlib/em_cmu.o
 .text.usbCClkGet
                0x00000d40       0x4c ./emlib/em_cmu.o
 .text.CMU_ClockDivSet
                0x00000d8c      0x230 ./emlib/em_cmu.o
                0x00000d8c                CMU_ClockDivSet
 .text.CMU_ClockEnable
                0x00000fbc       0xd8 ./emlib/em_cmu.o
                0x00000fbc                CMU_ClockEnable
 .text.CMU_ClockFreqGet
                0x00001094      0x1d8 ./emlib/em_cmu.o
                0x00001094                CMU_ClockFreqGet
 .text.CMU_ClockSelectGet
                0x0000126c      0x15c ./emlib/em_cmu.o
                0x0000126c                CMU_ClockSelectGet
 .text.CMU_ClockSelectSet
                0x000013c8      0x2b8 ./emlib/em_cmu.o
                0x000013c8                CMU_ClockSelectSet
 .text.CMU_LCDClkFDIVSet
                0x00001680       0x3c ./emlib/em_cmu.o
                0x00001680                CMU_LCDClkFDIVSet
 .text.CMU_OscillatorEnable
                0x000016bc       0xc0 ./emlib/em_cmu.o
                0x000016bc                CMU_OscillatorEnable
 .text.SystemCoreClockUpdate
                0x0000177c        0xc ./emlib/em_emu.o
 .text.CMU_Lock
                0x00001788       0x18 ./emlib/em_emu.o
 .text.CMU_Unlock
                0x000017a0       0x1c ./emlib/em_emu.o
 .text.emuRestore
                0x000017bc       0xf0 ./emlib/em_emu.o
 .text.getErrataFixEmuE107En
                0x000018ac       0x68 ./emlib/em_emu.o
 .text.EMU_EnterEM2
                0x00001914       0x9c ./emlib/em_emu.o
                0x00001914                EMU_EnterEM2
 .text.EMU_UpdateOscConfig
                0x000019b0       0x1c ./emlib/em_emu.o
                0x000019b0                EMU_UpdateOscConfig
 .text.BUS_RegBitWrite
                0x000019cc       0x2c ./emlib/em_gpio.o
 .text.BUS_RegMaskedWrite
                0x000019f8       0x28 ./emlib/em_gpio.o
 .text.GPIO_PinOutClear
                0x00001a20       0x58 ./emlib/em_gpio.o
 .text.GPIO_PinOutSet
                0x00001a78       0x58 ./emlib/em_gpio.o
 .text.GPIO_DriveModeSet
                0x00001ad0       0x70 ./emlib/em_gpio.o
                0x00001ad0                GPIO_DriveModeSet
 .text.GPIO_ExtIntConfig
                0x00001b40       0xcc ./emlib/em_gpio.o
                0x00001b40                GPIO_ExtIntConfig
 .text.GPIO_PinModeSet
                0x00001c0c      0x110 ./emlib/em_gpio.o
                0x00001c0c                GPIO_PinModeSet
 .text.LCD_Enable
                0x00001d1c       0x38 ./emlib/em_lcd.o
 .text.BUS_RegBitWrite
                0x00001d54       0x2c ./emlib/em_lcd.o
 .text.LCD_Init
                0x00001d80       0x70 ./emlib/em_lcd.o
                0x00001d80                LCD_Init
 .text.LCD_VLCDSelect
                0x00001df0       0x44 ./emlib/em_lcd.o
                0x00001df0                LCD_VLCDSelect
 .text.LCD_SegmentRangeEnable
                0x00001e34       0x40 ./emlib/em_lcd.o
                0x00001e34                LCD_SegmentRangeEnable
 .text.LCD_SegmentSet
                0x00001e74      0x1e4 ./emlib/em_lcd.o
                0x00001e74                LCD_SegmentSet
 .text.LCD_SegmentSetLow
                0x00002058      0x17c ./emlib/em_lcd.o
                0x00002058                LCD_SegmentSetLow
 .text.LCD_SegmentSetHigh
                0x000021d4      0x17c ./emlib/em_lcd.o
                0x000021d4                LCD_SegmentSetHigh
 .text.LCD_VBoostSet
                0x00002350       0x28 ./emlib/em_lcd.o
                0x00002350                LCD_VBoostSet
 .text.BUS_RegBitWrite
                0x00002378       0x2c ./emlib/em_lesense.o
 .text.LESENSE_Init
                0x000023a4      0x168 ./emlib/em_lesense.o
                0x000023a4                LESENSE_Init
 .text.LESENSE_ScanFreqSet
                0x0000250c       0xbc ./emlib/em_lesense.o
                0x0000250c                LESENSE_ScanFreqSet
 .text.LESENSE_ScanModeSet
                0x000025c8       0x3c ./emlib/em_lesense.o
                0x000025c8                LESENSE_ScanModeSet
 .text.LESENSE_StartDelaySet
                0x00002604       0x34 ./emlib/em_lesense.o
                0x00002604                LESENSE_StartDelaySet
 .text.LESENSE_ClkDivSet
                0x00002638       0x60 ./emlib/em_lesense.o
                0x00002638                LESENSE_ClkDivSet
 .text.LESENSE_ChannelAllConfig
                0x00002698       0x30 ./emlib/em_lesense.o
                0x00002698                LESENSE_ChannelAllConfig
 .text.LESENSE_ChannelConfig
                0x000026c8      0x168 ./emlib/em_lesense.o
                0x000026c8                LESENSE_ChannelConfig
 .text.LESENSE_ChannelTimingSet
                0x00002830       0x38 ./emlib/em_lesense.o
                0x00002830                LESENSE_ChannelTimingSet
 .text.LESENSE_ChannelThresSet
                0x00002868       0x78 ./emlib/em_lesense.o
                0x00002868                LESENSE_ChannelThresSet
 .text.LESENSE_DecoderStateSet
                0x000028e0       0x20 ./emlib/em_lesense.o
                0x000028e0                LESENSE_DecoderStateSet
 .text.LESENSE_ScanStart
                0x00002900       0x34 ./emlib/em_lesense.o
                0x00002900                LESENSE_ScanStart
 .text.LESENSE_ScanStop
                0x00002934       0x34 ./emlib/em_lesense.o
                0x00002934                LESENSE_ScanStop
 .text.LESENSE_ResultBufferClear
                0x00002968       0x34 ./emlib/em_lesense.o
                0x00002968                LESENSE_ResultBufferClear
 .text.LESENSE_Reset
                0x0000299c       0xec ./emlib/em_lesense.o
                0x0000299c                LESENSE_Reset
 .text.BUS_RegBitWrite
                0x00002a88       0x2c ./emlib/em_rtc.o
 .text.RTC_CompareGet
                0x00002ab4       0x3c ./emlib/em_rtc.o
                0x00002ab4                RTC_CompareGet
 .text.RTC_CompareSet
                0x00002af0       0x4c ./emlib/em_rtc.o
                0x00002af0                RTC_CompareSet
 .text.RTC_Enable
                0x00002b3c       0x20 ./emlib/em_rtc.o
                0x00002b3c                RTC_Enable
 .text.RTC_Init
                0x00002b5c       0x50 ./emlib/em_rtc.o
                0x00002b5c                RTC_Init
 .text.RTC_CounterReset
                0x00002bac       0x14 ./emlib/em_rtc.o
                0x00002bac                RTC_CounterReset
 .text.SYSTEM_ChipRevisionGet
                0x00002bc0       0x74 ./emlib/em_system.o
                0x00002bc0                SYSTEM_ChipRevisionGet
 .text.VCMP_Ready
                0x00002c34       0x24 ./emlib/em_vcmp.o
 .text.VCMP_IntClear
                0x00002c58       0x1c ./emlib/em_vcmp.o
 .text.VCMP_Init
                0x00002c74      0x1a4 ./emlib/em_vcmp.o
                0x00002c74                VCMP_Init
 .text.VCMP_LowPowerRefSet
                0x00002e18       0x3c ./emlib/em_vcmp.o
                0x00002e18                VCMP_LowPowerRefSet
 .text.VCMP_TriggerSet
                0x00002e54       0x34 ./emlib/em_vcmp.o
                0x00002e54                VCMP_TriggerSet
 .text.NVIC_EnableIRQ
                0x00002e88       0x30 ./Drivers/caplesense.o
 .text.SystemCoreClockUpdate
                0x00002eb8        0xc ./Drivers/caplesense.o
 .text.INT_Disable
                0x00002ec4       0x2c ./Drivers/caplesense.o
 .text.INT_Enable
                0x00002ef0       0x3c ./Drivers/caplesense.o
 .text.LESENSE_StatusGet
                0x00002f2c       0x18 ./Drivers/caplesense.o
 .text.LESENSE_ScanResultDataGet
                0x00002f44       0x18 ./Drivers/caplesense.o
 .text.LESENSE_ScanResultDataBufferGet
                0x00002f5c       0x28 ./Drivers/caplesense.o
 .text.LESENSE_IntClear
                0x00002f84       0x1c ./Drivers/caplesense.o
 .text.LESENSE_IntEnable
                0x00002fa0       0x24 ./Drivers/caplesense.o
 .text.LESENSE_IntDisable
                0x00002fc4       0x24 ./Drivers/caplesense.o
 .text.LESENSE_IntGetEnabled
                0x00002fe8       0x24 ./Drivers/caplesense.o
 .text.CAPLESENSE_setupCMU
                0x0000300c       0x7c ./Drivers/caplesense.o
                0x0000300c                CAPLESENSE_setupCMU
 .text.CAPLESENSE_setupGPIO
                0x00003088       0x40 ./Drivers/caplesense.o
                0x00003088                CAPLESENSE_setupGPIO
 .text.CAPLESENSE_setupACMP
                0x000030c8       0x3c ./Drivers/caplesense.o
                0x000030c8                CAPLESENSE_setupACMP
 .text.CAPLESENSE_setupLESENSE
                0x00003104      0x194 ./Drivers/caplesense.o
                0x00003104                CAPLESENSE_setupLESENSE
 .text.CAPLESENSE_setupCallbacks
                0x00003298       0x28 ./Drivers/caplesense.o
                0x00003298                CAPLESENSE_setupCallbacks
 .text.LESENSE_IRQHandler
                0x000032c0       0xdc ./Drivers/caplesense.o
                0x000032c0                LESENSE_IRQHandler
 .text.CAPLESENSE_getSegmentChannel
                0x0000339c       0x40 ./Drivers/caplesense.o
                0x0000339c                CAPLESENSE_getSegmentChannel
 .text.CAPLESENSE_getNormalizedVal
                0x000033dc       0x38 ./Drivers/caplesense.o
                0x000033dc                CAPLESENSE_getNormalizedVal
 .text.CAPLESENSE_getSliderPosition
                0x00003414      0x160 ./Drivers/caplesense.o
                0x00003414                CAPLESENSE_getSliderPosition
 .text.CAPLESENSE_Sleep
                0x00003574        0xc ./Drivers/caplesense.o
                0x00003574                CAPLESENSE_Sleep
 .text.CAPLESENSE_Init
                0x00003580       0x2c ./Drivers/caplesense.o
                0x00003580                CAPLESENSE_Init
 .text.NVIC_EnableIRQ
                0x000035ac       0x30 ./Drivers/rtcdriver.o
 .text.NVIC_ClearPendingIRQ
                0x000035dc       0x34 ./Drivers/rtcdriver.o
 .text.INT_Disable
                0x00003610       0x2c ./Drivers/rtcdriver.o
 .text.INT_Enable
                0x0000363c       0x3c ./Drivers/rtcdriver.o
 .text.RTC_CounterGet
                0x00003678       0x18 ./Drivers/rtcdriver.o
 .text.RTC_IntClear
                0x00003690       0x1c ./Drivers/rtcdriver.o
 .text.RTC_IntDisable
                0x000036ac       0x24 ./Drivers/rtcdriver.o
 .text.RTC_IntEnable
                0x000036d0       0x24 ./Drivers/rtcdriver.o
 .text.RTC_IntGet
                0x000036f4       0x18 ./Drivers/rtcdriver.o
 .text.RTCDRV_AllocateTimer
                0x0000370c       0x88 ./Drivers/rtcdriver.o
                0x0000370c                RTCDRV_AllocateTimer
 .text.RTCDRV_Init
                0x00003794       0xa0 ./Drivers/rtcdriver.o
                0x00003794                RTCDRV_Init
 .text.RTCDRV_StartTimer
                0x00003834      0x344 ./Drivers/rtcdriver.o
                0x00003834                RTCDRV_StartTimer
 .text.RTC_IRQHandler
                0x00003b78       0xa4 ./Drivers/rtcdriver.o
                0x00003b78                RTC_IRQHandler
 .text.checkAllTimers
                0x00003c1c      0x2a8 ./Drivers/rtcdriver.o
 .text.executeTimerCallbacks
                0x00003ec4       0x64 ./Drivers/rtcdriver.o
 .text.rescheduleRtc
                0x00003f28      0x10c ./Drivers/rtcdriver.o
 .text.LCD_Enable
                0x00004034       0x38 ./Drivers/segmentlcd.o
 .text.LCD_FreezeEnable
                0x0000406c       0x2c ./Drivers/segmentlcd.o
 .text.LCD_SyncBusyDelay
                0x00004098       0x24 ./Drivers/segmentlcd.o
 .text.LCD_IntDisable
                0x000040bc       0x24 ./Drivers/segmentlcd.o
 .text.SegmentLCD_AllOff
                0x000040e0       0xac ./Drivers/segmentlcd.o
                0x000040e0                SegmentLCD_AllOff
 .text.SegmentLCD_AlphaNumberOff
                0x0000418c       0xa8 ./Drivers/segmentlcd.o
                0x0000418c                SegmentLCD_AlphaNumberOff
 .text.SegmentLCD_ARing
                0x00004234       0x54 ./Drivers/segmentlcd.o
                0x00004234                SegmentLCD_ARing
 .text.SegmentLCD_Disable
                0x00004288       0x28 ./Drivers/segmentlcd.o
                0x00004288                SegmentLCD_Disable
 .text.SegmentLCD_Init
                0x000042b0       0xb8 ./Drivers/segmentlcd.o
                0x000042b0                SegmentLCD_Init
 .text.SegmentLCD_Number
                0x00004368      0x124 ./Drivers/segmentlcd.o
                0x00004368                SegmentLCD_Number
 .text.SegmentLCD_NumberOff
                0x0000448c       0x50 ./Drivers/segmentlcd.o
                0x0000448c                SegmentLCD_NumberOff
 .text.SegmentLCD_Symbol
                0x000044dc      0x130 ./Drivers/segmentlcd.o
                0x000044dc                SegmentLCD_Symbol
 .text.SegmentLCD_Write
                0x0000460c       0xd8 ./Drivers/segmentlcd.o
                0x0000460c                SegmentLCD_Write
 .text.VCMP_Disable
                0x000046e4       0x1c ./Drivers/vddcheck.o
 .text.VCMP_VoltageToLevel
                0x00004700       0x34 ./Drivers/vddcheck.o
 .text.VCMP_VDDHigher
                0x00004734       0x24 ./Drivers/vddcheck.o
 .text.VCMP_Ready
                0x00004758       0x24 ./Drivers/vddcheck.o
 .text.VDDCHECK_Init
                0x0000477c       0x20 ./Drivers/vddcheck.o
                0x0000477c                VDDCHECK_Init
 .text.VDDCHECK_Disable
                0x0000479c       0x18 ./Drivers/vddcheck.o
                0x0000479c                VDDCHECK_Disable
 .text.VDDCHECK_LowVoltage
                0x000047b4       0x6c ./Drivers/vddcheck.o
                0x000047b4                VDDCHECK_LowVoltage
 .text          0x00004820       0x30 ./CMSIS/efm32gg/startup_efm32gg.o
                0x00004820                Reset_Handler
                0x0000484c                DebugMon_Handler
                0x0000484c                USART0_TX_IRQHandler
                0x0000484c                I2C0_IRQHandler
                0x0000484c                HardFault_Handler
                0x0000484c                LEUART1_IRQHandler
                0x0000484c                SysTick_Handler
                0x0000484c                USART1_RX_IRQHandler
                0x0000484c                PendSV_Handler
                0x0000484c                NMI_Handler
                0x0000484c                I2C1_IRQHandler
                0x0000484c                TIMER3_IRQHandler
                0x0000484c                USART1_TX_IRQHandler
                0x0000484c                MSC_IRQHandler
                0x0000484c                ADC0_IRQHandler
                0x0000484c                UsageFault_Handler
                0x0000484c                LEUART0_IRQHandler
                0x0000484c                UART0_TX_IRQHandler
                0x0000484c                UART1_TX_IRQHandler
                0x0000484c                TIMER0_IRQHandler
                0x0000484c                TIMER2_IRQHandler
                0x0000484c                LCD_IRQHandler
                0x0000484c                PCNT2_IRQHandler
                0x0000484c                UART0_RX_IRQHandler
                0x0000484c                LETIMER0_IRQHandler
                0x0000484c                TIMER1_IRQHandler
                0x0000484c                USART2_RX_IRQHandler
                0x0000484c                Default_Handler
                0x0000484c                EMU_IRQHandler
                0x0000484c                PCNT0_IRQHandler
                0x0000484c                USB_IRQHandler
                0x0000484c                BURTC_IRQHandler
                0x0000484c                PCNT1_IRQHandler
                0x0000484c                ACMP0_IRQHandler
                0x0000484c                USART0_RX_IRQHandler
                0x0000484c                MemManage_Handler
                0x0000484c                SVC_Handler
                0x0000484c                DAC0_IRQHandler
                0x0000484c                UART1_RX_IRQHandler
                0x0000484c                CMU_IRQHandler
                0x0000484c                EBI_IRQHandler
                0x0000484c                AES_IRQHandler
                0x0000484c                VCMP_IRQHandler
                0x0000484c                DMA_IRQHandler
                0x0000484c                BusFault_Handler
                0x0000484c                USART2_TX_IRQHandler
 .text.GetProdRev
                0x00004850       0x1c ./CMSIS/efm32gg/system_efm32gg.o
 .text.SystemCoreClockGet
                0x0000486c       0x34 ./CMSIS/efm32gg/system_efm32gg.o
                0x0000486c                SystemCoreClockGet
 .text.SystemMaxCoreClockGet
                0x000048a0       0x14 ./CMSIS/efm32gg/system_efm32gg.o
                0x000048a0                SystemMaxCoreClockGet
 .text.SystemHFClockGet
                0x000048b4      0x100 ./CMSIS/efm32gg/system_efm32gg.o
                0x000048b4                SystemHFClockGet
 .text.SystemHFXOClockGet
                0x000049b4       0x18 ./CMSIS/efm32gg/system_efm32gg.o
                0x000049b4                SystemHFXOClockGet
 .text.SystemInit
                0x000049cc        0xc ./CMSIS/efm32gg/system_efm32gg.o
                0x000049cc                SystemInit
 .text.SystemLFRCOClockGet
                0x000049d8       0x14 ./CMSIS/efm32gg/system_efm32gg.o
                0x000049d8                SystemLFRCOClockGet
 .text.SystemULFRCOClockGet
                0x000049ec       0x14 ./CMSIS/efm32gg/system_efm32gg.o
                0x000049ec                SystemULFRCOClockGet
 .text.SystemLFXOClockGet
                0x00004a00       0x18 ./CMSIS/efm32gg/system_efm32gg.o
                0x00004a00                SystemLFXOClockGet
 .text.BSP_TraceSwoSetup
                0x00004a18      0x114 ./BSP/bsp_trace.o
                0x00004a18                BSP_TraceSwoSetup
 .text.BSP_TraceProfilerSetup
                0x00004b2c       0x28 ./BSP/bsp_trace.o
                0x00004b2c                BSP_TraceProfilerSetup
 .text          0x00004b54      0x21c c:/siliconlabs/simplicitystudio/v3/developer/toolchains/gnu_arm/4.8_2013q4/bin/../lib/gcc/arm-none-eabi/4.8.3/armv7-m\libgcc.a(_arm_addsubsf3.o)
                0x00004b54                __aeabi_frsub
                0x00004b5c                __subsf3
                0x00004b5c                __aeabi_fsub
                0x00004b60                __aeabi_fadd
                0x00004b60                __addsf3
                0x00004cc0                __aeabi_ui2f
                0x00004cc0                __floatunsisf
                0x00004cc8                __aeabi_i2f
                0x00004cc8                __floatsisf
                0x00004ce4                __aeabi_ul2f
                0x00004ce4                __floatundisf
                0x00004cf4                __aeabi_l2f
                0x00004cf4                __floatdisf
 .text          0x00004d70      0x2a0 c:/siliconlabs/simplicitystudio/v3/developer/toolchains/gnu_arm/4.8_2013q4/bin/../lib/gcc/arm-none-eabi/4.8.3/armv7-m\libgcc.a(_arm_muldivsf3.o)
                0x00004d70                __mulsf3
                0x00004d70                __aeabi_fmul
                0x00004ed8                __aeabi_fdiv
                0x00004ed8                __divsf3
 .text          0x00005010       0x40 c:/siliconlabs/simplicitystudio/v3/developer/toolchains/gnu_arm/4.8_2013q4/bin/../lib/gcc/arm-none-eabi/4.8.3/armv7-m\libgcc.a(_arm_fixunssfsi.o)
                0x00005010                __fixunssfsi
                0x00005010                __aeabi_f2uiz
 .text          0x00005050       0x2c c:/siliconlabs/simplicitystudio/v3/developer/toolchains/gnu_arm/4.8_2013q4/bin/../lib/gcc/arm-none-eabi/4.8.3/armv7-m\libgcc.a(_aeabi_uldivmod.o)
                0x00005050                __aeabi_uldivmod
 .text          0x0000507c       0x60 c:/siliconlabs/simplicitystudio/v3/developer/toolchains/gnu_arm/4.8_2013q4/bin/../lib/gcc/arm-none-eabi/4.8.3/armv7-m\libgcc.a(bpabi.o)
                0x0000507c                __gnu_ldivmod_helper
                0x000050ac                __gnu_uldivmod_helper
 .text          0x000050dc        0x4 c:/siliconlabs/simplicitystudio/v3/developer/toolchains/gnu_arm/4.8_2013q4/bin/../lib/gcc/arm-none-eabi/4.8.3/armv7-m\libgcc.a(_dvmd_tls.o)
                0x000050dc                __aeabi_idiv0
                0x000050dc                __aeabi_ldiv0
 .text          0x000050e0      0x2a0 c:/siliconlabs/simplicitystudio/v3/developer/toolchains/gnu_arm/4.8_2013q4/bin/../lib/gcc/arm-none-eabi/4.8.3/armv7-m\libgcc.a(_divdi3.o)
                0x000050e0                __divdi3
 .text          0x00005380      0x290 c:/siliconlabs/simplicitystudio/v3/developer/toolchains/gnu_arm/4.8_2013q4/bin/../lib/gcc/arm-none-eabi/4.8.3/armv7-m\libgcc.a(_udivdi3.o)
                0x00005380                __udivdi3
 .text.abs      0x00005610        0x8 c:/siliconlabs/simplicitystudio/v3/developer/toolchains/gnu_arm/4.8_2013q4/bin/../lib/gcc/arm-none-eabi/4.8.3/../../../../arm-none-eabi/lib/armv7-m\libc_s.a(lib_a-abs.o)
                0x00005610                abs
 .text.exit     0x00005618       0x28 c:/siliconlabs/simplicitystudio/v3/developer/toolchains/gnu_arm/4.8_2013q4/bin/../lib/gcc/arm-none-eabi/4.8.3/../../../../arm-none-eabi/lib/armv7-m\libc_s.a(lib_a-exit.o)
                0x00005618                exit
 .text.__libc_init_array
                0x00005640       0x4c c:/siliconlabs/simplicitystudio/v3/developer/toolchains/gnu_arm/4.8_2013q4/bin/../lib/gcc/arm-none-eabi/4.8.3/../../../../arm-none-eabi/lib/armv7-m\libc_s.a(lib_a-init.o)
                0x00005640                __libc_init_array
 .text.memset   0x0000568c       0x10 c:/siliconlabs/simplicitystudio/v3/developer/toolchains/gnu_arm/4.8_2013q4/bin/../lib/gcc/arm-none-eabi/4.8.3/../../../../arm-none-eabi/lib/armv7-m\libc_s.a(lib_a-memset.o)
                0x0000568c                memset
 .text.snprintf
                0x0000569c       0x64 c:/siliconlabs/simplicitystudio/v3/developer/toolchains/gnu_arm/4.8_2013q4/bin/../lib/gcc/arm-none-eabi/4.8.3/../../../../arm-none-eabi/lib/armv7-m\libc_s.a(lib_a-snprintf.o)
                0x0000569c                sniprintf
                0x0000569c                snprintf
 .text.strlen   0x00005700       0x10 c:/siliconlabs/simplicitystudio/v3/developer/toolchains/gnu_arm/4.8_2013q4/bin/../lib/gcc/arm-none-eabi/4.8.3/../../../../arm-none-eabi/lib/armv7-m\libc_s.a(lib_a-strlen.o)
                0x00005700                strlen
 .text.__ssputs_r
                0x00005710       0xb8 c:/siliconlabs/simplicitystudio/v3/developer/toolchains/gnu_arm/4.8_2013q4/bin/../lib/gcc/arm-none-eabi/4.8.3/../../../../arm-none-eabi/lib/armv7-m\libc_s.a(lib_a-svfprintf.o)
                0x00005710                __ssputs_r
 .text._svfprintf_r
                0x000057c8      0x1d8 c:/siliconlabs/simplicitystudio/v3/developer/toolchains/gnu_arm/4.8_2013q4/bin/../lib/gcc/arm-none-eabi/4.8.3/../../../../arm-none-eabi/lib/armv7-m\libc_s.a(lib_a-svfprintf.o)
                0x000057c8                _svfiprintf_r
                0x000057c8                _svfprintf_r
 .text._printf_common
                0x000059a0       0xe4 c:/siliconlabs/simplicitystudio/v3/developer/toolchains/gnu_arm/4.8_2013q4/bin/../lib/gcc/arm-none-eabi/4.8.3/../../../../arm-none-eabi/lib/armv7-m\libc_s.a(lib_a-vfprintf_i.o)
                0x000059a0                _printf_common
 .text._printf_i
                0x00005a84      0x228 c:/siliconlabs/simplicitystudio/v3/developer/toolchains/gnu_arm/4.8_2013q4/bin/../lib/gcc/arm-none-eabi/4.8.3/../../../../arm-none-eabi/lib/armv7-m\libc_s.a(lib_a-vfprintf_i.o)
                0x00005a84                _printf_i
 .text.memchr   0x00005cac       0x1c c:/siliconlabs/simplicitystudio/v3/developer/toolchains/gnu_arm/4.8_2013q4/bin/../lib/gcc/arm-none-eabi/4.8.3/../../../../arm-none-eabi/lib/armv7-m\libc_s.a(lib_a-memchr-stub.o)
                0x00005cac                memchr
 .text.memcpy   0x00005cc8       0x12 c:/siliconlabs/simplicitystudio/v3/developer/toolchains/gnu_arm/4.8_2013q4/bin/../lib/gcc/arm-none-eabi/4.8.3/../../../../arm-none-eabi/lib/armv7-m\libc_s.a(lib_a-memcpy-stub.o)
                0x00005cc8                memcpy
 .text.memmove  0x00005cda       0x36 c:/siliconlabs/simplicitystudio/v3/developer/toolchains/gnu_arm/4.8_2013q4/bin/../lib/gcc/arm-none-eabi/4.8.3/../../../../arm-none-eabi/lib/armv7-m\libc_s.a(lib_a-memmove.o)
                0x00005cda                memmove
 .text._free_r  0x00005d10       0x88 c:/siliconlabs/simplicitystudio/v3/developer/toolchains/gnu_arm/4.8_2013q4/bin/../lib/gcc/arm-none-eabi/4.8.3/../../../../arm-none-eabi/lib/armv7-m\libc_s.a(lib_a-nano-freer.o)
                0x00005d10                _free_r
 .text._malloc_r
                0x00005d98       0xa8 c:/siliconlabs/simplicitystudio/v3/developer/toolchains/gnu_arm/4.8_2013q4/bin/../lib/gcc/arm-none-eabi/4.8.3/../../../../arm-none-eabi/lib/armv7-m\libc_s.a(lib_a-nano-mallocr.o)
                0x00005d98                _malloc_r
 .text._realloc_r
                0x00005e40       0x4c c:/siliconlabs/simplicitystudio/v3/developer/toolchains/gnu_arm/4.8_2013q4/bin/../lib/gcc/arm-none-eabi/4.8.3/../../../../arm-none-eabi/lib/armv7-m\libc_s.a(lib_a-nano-reallocr.o)
                0x00005e40                _realloc_r
 .text._sbrk_r  0x00005e8c       0x20 c:/siliconlabs/simplicitystudio/v3/developer/toolchains/gnu_arm/4.8_2013q4/bin/../lib/gcc/arm-none-eabi/4.8.3/../../../../arm-none-eabi/lib/armv7-m\libc_s.a(lib_a-sbrkr.o)
                0x00005e8c                _sbrk_r
 .text._malloc_usable_size_r
                0x00005eac       0x12 c:/siliconlabs/simplicitystudio/v3/developer/toolchains/gnu_arm/4.8_2013q4/bin/../lib/gcc/arm-none-eabi/4.8.3/../../../../arm-none-eabi/lib/armv7-m\libc_s.a(lib_a-nano-msizer.o)
                0x00005eac                _malloc_usable_size_r
 *fill*         0x00005ebe        0x2 
 .text._sbrk    0x00005ec0       0x34 c:/siliconlabs/simplicitystudio/v3/developer/toolchains/gnu_arm/4.8_2013q4/bin/../lib/gcc/arm-none-eabi/4.8.3/../../../../arm-none-eabi/lib/armv7-m\libnosys.a(sbrk.o)
                0x00005ec0                _sbrk
 .text._exit    0x00005ef4        0x4 c:/siliconlabs/simplicitystudio/v3/developer/toolchains/gnu_arm/4.8_2013q4/bin/../lib/gcc/arm-none-eabi/4.8.3/../../../../arm-none-eabi/lib/armv7-m\libnosys.a(_exit.o)
                0x00005ef4                _exit
 *(.init)
 .init          0x00005ef8        0x4 c:/siliconlabs/simplicitystudio/v3/developer/toolchains/gnu_arm/4.8_2013q4/bin/../lib/gcc/arm-none-eabi/4.8.3/armv7-m/crti.o
                0x00005ef8                _init
 .init          0x00005efc        0x8 c:/siliconlabs/simplicitystudio/v3/developer/toolchains/gnu_arm/4.8_2013q4/bin/../lib/gcc/arm-none-eabi/4.8.3/armv7-m/crtn.o
 *(.fini)
 .fini          0x00005f04        0x4 c:/siliconlabs/simplicitystudio/v3/developer/toolchains/gnu_arm/4.8_2013q4/bin/../lib/gcc/arm-none-eabi/4.8.3/armv7-m/crti.o
                0x00005f04                _fini
 .fini          0x00005f08        0x8 c:/siliconlabs/simplicitystudio/v3/developer/toolchains/gnu_arm/4.8_2013q4/bin/../lib/gcc/arm-none-eabi/4.8.3/armv7-m/crtn.o
 *crtbegin.o(.ctors)
 *crtbegin?.o(.ctors)
 *(EXCLUDE_FILE(*crtend.o *crtend?.o) .ctors)
 *(SORT(.ctors.*))
 *(.ctors)
 *crtbegin.o(.dtors)
 *crtbegin?.o(.dtors)
 *(EXCLUDE_FILE(*crtend.o *crtend?.o) .dtors)
 *(SORT(.dtors.*))
 *(.dtors)
 *(.rodata*)
 .rodata        0x00005f10       0x54 ./src/touchdemo.o
 .rodata.channelsInUse
                0x00005f64       0x10 ./Drivers/caplesense.o
 .rodata        0x00005f74       0x2c ./Drivers/caplesense.o
 .rodata.initACMP.6032
                0x00005fa0       0x14 ./Drivers/caplesense.o
 .rodata.initLESENSE.6042
                0x00005fb4       0x40 ./Drivers/caplesense.o
 .rodata.initChsSleep.6041
                0x00005ff4      0x200 ./Drivers/caplesense.o
 .rodata.initChsSense.6040
                0x000061f4      0x200 ./Drivers/caplesense.o
 .rodata.initRTC
                0x000063f4        0x4 ./Drivers/rtcdriver.o
 .rodata.EFM_Display
                0x000063f8      0x200 ./Drivers/segmentlcd.o
 .rodata.EFM_Alphabet
                0x000065f8       0xb8 ./Drivers/segmentlcd.o
 .rodata.EFM_Numbers
                0x000066b0       0x24 ./Drivers/segmentlcd.o
 .rodata.lcdInit
                0x000066d4       0x14 ./Drivers/segmentlcd.o
 .rodata        0x000066e8       0x1c ./Drivers/vddcheck.o
 .rodata.str1.1
                0x00006704        0x2 c:/siliconlabs/simplicitystudio/v3/developer/toolchains/gnu_arm/4.8_2013q4/bin/../lib/gcc/arm-none-eabi/4.8.3/../../../../arm-none-eabi/lib/armv7-m\libc_s.a(lib_a-impure.o)
 *fill*         0x00006706        0x2 
 .rodata._global_impure_ptr
                0x00006708        0x4 c:/siliconlabs/simplicitystudio/v3/developer/toolchains/gnu_arm/4.8_2013q4/bin/../lib/gcc/arm-none-eabi/4.8.3/../../../../arm-none-eabi/lib/armv7-m\libc_s.a(lib_a-impure.o)
                0x00006708                _global_impure_ptr
 .rodata.str1.1
                0x0000670c       0x11 c:/siliconlabs/simplicitystudio/v3/developer/toolchains/gnu_arm/4.8_2013q4/bin/../lib/gcc/arm-none-eabi/4.8.3/../../../../arm-none-eabi/lib/armv7-m\libc_s.a(lib_a-svfprintf.o)
 .rodata.str1.1
                0x0000671d       0x22 c:/siliconlabs/simplicitystudio/v3/developer/toolchains/gnu_arm/4.8_2013q4/bin/../lib/gcc/arm-none-eabi/4.8.3/../../../../arm-none-eabi/lib/armv7-m\libc_s.a(lib_a-vfprintf_i.o)
 *(.eh_frame*)
 *fill*         0x0000673f        0x1 
 .eh_frame      0x00006740        0x0 c:/siliconlabs/simplicitystudio/v3/developer/toolchains/gnu_arm/4.8_2013q4/bin/../lib/gcc/arm-none-eabi/4.8.3/armv7-m/crtbegin.o
 .eh_frame      0x00006740        0x4 c:/siliconlabs/simplicitystudio/v3/developer/toolchains/gnu_arm/4.8_2013q4/bin/../lib/gcc/arm-none-eabi/4.8.3/armv7-m/crtend.o

.glue_7         0x00006744        0x0
 .glue_7        0x00000000        0x0 linker stubs

.glue_7t        0x00006744        0x0
 .glue_7t       0x00000000        0x0 linker stubs

.vfp11_veneer   0x00006744        0x0
 .vfp11_veneer  0x00000000        0x0 linker stubs

.v4_bx          0x00006744        0x0
 .v4_bx         0x00000000        0x0 linker stubs

.iplt           0x00006744        0x0
 .iplt          0x00000000        0x0 c:/siliconlabs/simplicitystudio/v3/developer/toolchains/gnu_arm/4.8_2013q4/bin/../lib/gcc/arm-none-eabi/4.8.3/armv7-m/crtbegin.o

.ARM.extab
 *(.ARM.extab* .gnu.linkonce.armextab.*)
                0x00006744                __exidx_start = .

.ARM.exidx      0x00006744        0x8
 *(.ARM.exidx* .gnu.linkonce.armexidx.*)
 .ARM.exidx     0x00006744        0x8 c:/siliconlabs/simplicitystudio/v3/developer/toolchains/gnu_arm/4.8_2013q4/bin/../lib/gcc/arm-none-eabi/4.8.3/../../../../arm-none-eabi/lib/armv7-m/crt0.o
 .ARM.exidx     0x0000674c        0x0 c:/siliconlabs/simplicitystudio/v3/developer/toolchains/gnu_arm/4.8_2013q4/bin/../lib/gcc/arm-none-eabi/4.8.3/armv7-m\libgcc.a(_divdi3.o)
                                  0x8 (size before relaxing)
 .ARM.exidx     0x0000674c        0x0 c:/siliconlabs/simplicitystudio/v3/developer/toolchains/gnu_arm/4.8_2013q4/bin/../lib/gcc/arm-none-eabi/4.8.3/armv7-m\libgcc.a(_udivdi3.o)
                                  0x8 (size before relaxing)
                0x0000674c                __exidx_end = .
                0x0000674c                __etext = .

.rel.dyn        0x0000674c        0x0
 .rel.iplt      0x00000000        0x0 c:/siliconlabs/simplicitystudio/v3/developer/toolchains/gnu_arm/4.8_2013q4/bin/../lib/gcc/arm-none-eabi/4.8.3/armv7-m/crtbegin.o

.data           0x20000000       0xc8 load address 0x0000674c
                0x20000000                __data_start__ = .
 *(vtable)
 *(.data*)
 .data.demoState
                0x20000000        0x1 ./src/touchdemo.o
 *fill*         0x20000001        0x3 
 .data.message  0x20000004        0x4 ./src/touchdemo.o
                0x20000004                message
 .data.oldSliderPos.6948
                0x20000008        0x4 ./src/touchdemo.o
 .data.channelMaxValues
                0x2000000c       0x40 ./Drivers/caplesense.o
 .data.init.6038
                0x2000004c        0x1 ./Drivers/caplesense.o
 *fill*         0x2000004d        0x3 
 .data.SystemHFXOClock
                0x20000050        0x4 ./CMSIS/efm32gg/system_efm32gg.o
 .data.SystemLFXOClock
                0x20000054        0x4 ./CMSIS/efm32gg/system_efm32gg.o
 .data.impure_data
                0x20000058       0x60 c:/siliconlabs/simplicitystudio/v3/developer/toolchains/gnu_arm/4.8_2013q4/bin/../lib/gcc/arm-none-eabi/4.8.3/../../../../arm-none-eabi/lib/armv7-m\libc_s.a(lib_a-impure.o)
 .data._impure_ptr
                0x200000b8        0x4 c:/siliconlabs/simplicitystudio/v3/developer/toolchains/gnu_arm/4.8_2013q4/bin/../lib/gcc/arm-none-eabi/4.8.3/../../../../arm-none-eabi/lib/armv7-m\libc_s.a(lib_a-impure.o)
                0x200000b8                _impure_ptr
                0x200000bc                . = ALIGN (0x4)
 *(.ram)
                0x200000bc                . = ALIGN (0x4)
                0x200000bc                PROVIDE (__preinit_array_start, .)
 *(.preinit_array)
                0x200000bc                PROVIDE (__preinit_array_end, .)
                0x200000bc                . = ALIGN (0x4)
                0x200000bc                PROVIDE (__init_array_start, .)
 *(SORT(.init_array.*))
 *(.init_array)
 .init_array    0x200000bc        0x4 c:/siliconlabs/simplicitystudio/v3/developer/toolchains/gnu_arm/4.8_2013q4/bin/../lib/gcc/arm-none-eabi/4.8.3/armv7-m/crtbegin.o
                0x200000c0                PROVIDE (__init_array_end, .)
                0x200000c0                . = ALIGN (0x4)
                0x200000c0                PROVIDE (__fini_array_start, .)
 *(SORT(.fini_array.*))
 *(.fini_array)
 .fini_array    0x200000c0        0x4 c:/siliconlabs/simplicitystudio/v3/developer/toolchains/gnu_arm/4.8_2013q4/bin/../lib/gcc/arm-none-eabi/4.8.3/armv7-m/crtbegin.o
                0x200000c4                PROVIDE (__fini_array_end, .)
 *(.jcr*)
 .jcr           0x200000c4        0x0 c:/siliconlabs/simplicitystudio/v3/developer/toolchains/gnu_arm/4.8_2013q4/bin/../lib/gcc/arm-none-eabi/4.8.3/armv7-m/crtbegin.o
 .jcr           0x200000c4        0x4 c:/siliconlabs/simplicitystudio/v3/developer/toolchains/gnu_arm/4.8_2013q4/bin/../lib/gcc/arm-none-eabi/4.8.3/armv7-m/crtend.o
                0x200000c8                . = ALIGN (0x4)
                0x200000c8                __data_end__ = .

.igot.plt       0x200000c8        0x0 load address 0x00006814
 .igot.plt      0x00000000        0x0 c:/siliconlabs/simplicitystudio/v3/developer/toolchains/gnu_arm/4.8_2013q4/bin/../lib/gcc/arm-none-eabi/4.8.3/armv7-m/crtbegin.o

.bss            0x200000c8       0xdc load address 0x00006818
                0x200000c8                . = ALIGN (0x4)
                0x200000c8                __bss_start__ = .
 *(.bss*)
 .bss           0x200000c8       0x1c c:/siliconlabs/simplicitystudio/v3/developer/toolchains/gnu_arm/4.8_2013q4/bin/../lib/gcc/arm-none-eabi/4.8.3/armv7-m/crtbegin.o
 .bss.vboost    0x200000e4        0x1 ./src/touchdemo.o
                0x200000e4                vboost
 *fill*         0x200000e5        0x3 
 .bss.cmuStatus
                0x200000e8        0x4 ./emlib/em_emu.o
 .bss.INT_LockCnt
                0x200000ec        0x4 ./emlib/em_int.o
                0x200000ec                INT_LockCnt
 .bss.channelValues
                0x200000f0       0x40 ./Drivers/caplesense.o
 .bss.lesenseScanCb
                0x20000130        0x4 ./Drivers/caplesense.o
 .bss.lesenseChCb
                0x20000134        0x4 ./Drivers/caplesense.o
 .bss.currentChannel
                0x20000138        0x1 ./Drivers/caplesense.o
 *fill*         0x20000139        0x3 
 .bss.capsenseCalibrateVals.6039
                0x2000013c        0x8 ./Drivers/caplesense.o
 *fill*         0x20000144        0x4 
 .bss.timer     0x20000148       0x28 ./Drivers/rtcdriver.o
 .bss.lastStart
                0x20000170        0x4 ./Drivers/rtcdriver.o
 .bss.startTimerNestingLevel
                0x20000174        0x4 ./Drivers/rtcdriver.o
 .bss.inTimerIRQ
                0x20000178        0x1 ./Drivers/rtcdriver.o
 .bss.rtcRunning
                0x20000179        0x1 ./Drivers/rtcdriver.o
 .bss.rtcdrvIsInitialized
                0x2000017a        0x1 ./Drivers/rtcdriver.o
 *fill*         0x2000017b        0x1 
 .bss.__malloc_sbrk_start
                0x2000017c        0x4 c:/siliconlabs/simplicitystudio/v3/developer/toolchains/gnu_arm/4.8_2013q4/bin/../lib/gcc/arm-none-eabi/4.8.3/../../../../arm-none-eabi/lib/armv7-m\libc_s.a(lib_a-nano-mallocr.o)
                0x2000017c                __malloc_sbrk_start
 .bss.__malloc_free_list
                0x20000180        0x4 c:/siliconlabs/simplicitystudio/v3/developer/toolchains/gnu_arm/4.8_2013q4/bin/../lib/gcc/arm-none-eabi/4.8.3/../../../../arm-none-eabi/lib/armv7-m\libc_s.a(lib_a-nano-mallocr.o)
                0x20000180                __malloc_free_list
 .bss.heap_end.4237
                0x20000184        0x4 c:/siliconlabs/simplicitystudio/v3/developer/toolchains/gnu_arm/4.8_2013q4/bin/../lib/gcc/arm-none-eabi/4.8.3/../../../../arm-none-eabi/lib/armv7-m\libnosys.a(sbrk.o)
 *(COMMON)
 COMMON         0x20000188       0x14 ./src/touchdemo.o
                0x20000188                subMode
                0x2000018c                xTimerForSleep
                0x20000190                demoMode
                0x20000194                msTicks
                0x20000198                subModes
 COMMON         0x2000019c        0x4 ./CMSIS/efm32gg/system_efm32gg.o
                0x2000019c                SystemCoreClock
 COMMON         0x200001a0        0x4 c:/siliconlabs/simplicitystudio/v3/developer/toolchains/gnu_arm/4.8_2013q4/bin/../lib/gcc/arm-none-eabi/4.8.3/../../../../arm-none-eabi/lib/armv7-m\libc_s.a(lib_a-reent.o)
                0x200001a0                errno
                0x200001a4                . = ALIGN (0x4)
                0x200001a4                __bss_end__ = .

.heap           0x200001a8      0xc00
                0x200001a8                __HeapBase = .
                0x200001a8                __end__ = .
                0x200001a8                end = __end__
                0x200001a8                _end = __end__
 *(.heap*)
 .heap          0x200001a8      0xc00 ./CMSIS/efm32gg/startup_efm32gg.o
                0x20000da8                __HeapLimit = .

.stack_dummy    0x200001a8      0x400
 *(.stack*)
 .stack         0x200001a8      0x400 ./CMSIS/efm32gg/startup_efm32gg.o
                0x20020000                __StackTop = (ORIGIN (RAM) + 0x20000)
                0x2001fc00                __StackLimit = (__StackTop - SIZEOF (.stack_dummy))
                0x20020000                PROVIDE (__stack, __StackTop)
                0x00000001                ASSERT ((__StackLimit >= __HeapLimit), region RAM overflowed with stack)
                0x00000001                ASSERT ((0x100000 >= (__etext + SIZEOF (.data))), FLASH memory overflowed !)
OUTPUT(STK3700_touch.axf elf32-littlearm)

.ARM.attributes
                0x00000000       0x29
 .ARM.attributes
                0x00000000       0x1d c:/siliconlabs/simplicitystudio/v3/developer/toolchains/gnu_arm/4.8_2013q4/bin/../lib/gcc/arm-none-eabi/4.8.3/armv7-m/crti.o
 .ARM.attributes
                0x0000001d       0x2d c:/siliconlabs/simplicitystudio/v3/developer/toolchains/gnu_arm/4.8_2013q4/bin/../lib/gcc/arm-none-eabi/4.8.3/armv7-m/crtbegin.o
 .ARM.attributes
                0x0000004a       0x1b c:/siliconlabs/simplicitystudio/v3/developer/toolchains/gnu_arm/4.8_2013q4/bin/../lib/gcc/arm-none-eabi/4.8.3/../../../../arm-none-eabi/lib/armv7-m/crt0.o
 .ARM.attributes
                0x00000065       0x33 ./src/touchdemo.o
 .ARM.attributes
                0x00000098       0x33 ./emlib/em_acmp.o
 .ARM.attributes
                0x000000cb       0x33 ./emlib/em_cmu.o
 .ARM.attributes
                0x000000fe       0x33 ./emlib/em_emu.o
 .ARM.attributes
                0x00000131       0x33 ./emlib/em_gpio.o
 .ARM.attributes
                0x00000164       0x33 ./emlib/em_int.o
 .ARM.attributes
                0x00000197       0x33 ./emlib/em_lcd.o
 .ARM.attributes
                0x000001ca       0x33 ./emlib/em_lesense.o
 .ARM.attributes
                0x000001fd       0x33 ./emlib/em_rtc.o
 .ARM.attributes
                0x00000230       0x33 ./emlib/em_system.o
 .ARM.attributes
                0x00000263       0x33 ./emlib/em_vcmp.o
 .ARM.attributes
                0x00000296       0x33 ./Drivers/caplesense.o
 .ARM.attributes
                0x000002c9       0x33 ./Drivers/rtcdriver.o
 .ARM.attributes
                0x000002fc       0x33 ./Drivers/segmentlcd.o
 .ARM.attributes
                0x0000032f       0x33 ./Drivers/vddcheck.o
 .ARM.attributes
                0x00000362       0x1b ./CMSIS/efm32gg/startup_efm32gg.o
 .ARM.attributes
                0x0000037d       0x33 ./CMSIS/efm32gg/system_efm32gg.o
 .ARM.attributes
                0x000003b0       0x33 ./BSP/bsp_trace.o
 .ARM.attributes
                0x000003e3       0x1d c:/siliconlabs/simplicitystudio/v3/developer/toolchains/gnu_arm/4.8_2013q4/bin/../lib/gcc/arm-none-eabi/4.8.3/armv7-m\libgcc.a(_arm_addsubsf3.o)
 .ARM.attributes
                0x00000400       0x1d c:/siliconlabs/simplicitystudio/v3/developer/toolchains/gnu_arm/4.8_2013q4/bin/../lib/gcc/arm-none-eabi/4.8.3/armv7-m\libgcc.a(_arm_muldivsf3.o)
 .ARM.attributes
                0x0000041d       0x1d c:/siliconlabs/simplicitystudio/v3/developer/toolchains/gnu_arm/4.8_2013q4/bin/../lib/gcc/arm-none-eabi/4.8.3/armv7-m\libgcc.a(_arm_fixunssfsi.o)
 .ARM.attributes
                0x0000043a       0x1d c:/siliconlabs/simplicitystudio/v3/developer/toolchains/gnu_arm/4.8_2013q4/bin/../lib/gcc/arm-none-eabi/4.8.3/armv7-m\libgcc.a(_aeabi_uldivmod.o)
 .ARM.attributes
                0x00000457       0x2d c:/siliconlabs/simplicitystudio/v3/developer/toolchains/gnu_arm/4.8_2013q4/bin/../lib/gcc/arm-none-eabi/4.8.3/armv7-m\libgcc.a(bpabi.o)
 .ARM.attributes
                0x00000484       0x1d c:/siliconlabs/simplicitystudio/v3/developer/toolchains/gnu_arm/4.8_2013q4/bin/../lib/gcc/arm-none-eabi/4.8.3/armv7-m\libgcc.a(_dvmd_tls.o)
 .ARM.attributes
                0x000004a1       0x2d c:/siliconlabs/simplicitystudio/v3/developer/toolchains/gnu_arm/4.8_2013q4/bin/../lib/gcc/arm-none-eabi/4.8.3/armv7-m\libgcc.a(_divdi3.o)
 .ARM.attributes
                0x000004ce       0x2d c:/siliconlabs/simplicitystudio/v3/developer/toolchains/gnu_arm/4.8_2013q4/bin/../lib/gcc/arm-none-eabi/4.8.3/armv7-m\libgcc.a(_udivdi3.o)
 .ARM.attributes
                0x000004fb       0x2d c:/siliconlabs/simplicitystudio/v3/developer/toolchains/gnu_arm/4.8_2013q4/bin/../lib/gcc/arm-none-eabi/4.8.3/../../../../arm-none-eabi/lib/armv7-m\libc_s.a(lib_a-abs.o)
 .ARM.attributes
                0x00000528       0x2d c:/siliconlabs/simplicitystudio/v3/developer/toolchains/gnu_arm/4.8_2013q4/bin/../lib/gcc/arm-none-eabi/4.8.3/../../../../arm-none-eabi/lib/armv7-m\libc_s.a(lib_a-exit.o)
 .ARM.attributes
                0x00000555       0x2d c:/siliconlabs/simplicitystudio/v3/developer/toolchains/gnu_arm/4.8_2013q4/bin/../lib/gcc/arm-none-eabi/4.8.3/../../../../arm-none-eabi/lib/armv7-m\libc_s.a(lib_a-impure.o)
 .ARM.attributes
                0x00000582       0x2d c:/siliconlabs/simplicitystudio/v3/developer/toolchains/gnu_arm/4.8_2013q4/bin/../lib/gcc/arm-none-eabi/4.8.3/../../../../arm-none-eabi/lib/armv7-m\libc_s.a(lib_a-init.o)
 .ARM.attributes
                0x000005af       0x2d c:/siliconlabs/simplicitystudio/v3/developer/toolchains/gnu_arm/4.8_2013q4/bin/../lib/gcc/arm-none-eabi/4.8.3/../../../../arm-none-eabi/lib/armv7-m\libc_s.a(lib_a-memset.o)
 .ARM.attributes
                0x000005dc       0x2d c:/siliconlabs/simplicitystudio/v3/developer/toolchains/gnu_arm/4.8_2013q4/bin/../lib/gcc/arm-none-eabi/4.8.3/../../../../arm-none-eabi/lib/armv7-m\libc_s.a(lib_a-snprintf.o)
 .ARM.attributes
                0x00000609       0x2d c:/siliconlabs/simplicitystudio/v3/developer/toolchains/gnu_arm/4.8_2013q4/bin/../lib/gcc/arm-none-eabi/4.8.3/../../../../arm-none-eabi/lib/armv7-m\libc_s.a(lib_a-strlen.o)
 .ARM.attributes
                0x00000636       0x2d c:/siliconlabs/simplicitystudio/v3/developer/toolchains/gnu_arm/4.8_2013q4/bin/../lib/gcc/arm-none-eabi/4.8.3/../../../../arm-none-eabi/lib/armv7-m\libc_s.a(lib_a-svfprintf.o)
 .ARM.attributes
                0x00000663       0x2d c:/siliconlabs/simplicitystudio/v3/developer/toolchains/gnu_arm/4.8_2013q4/bin/../lib/gcc/arm-none-eabi/4.8.3/../../../../arm-none-eabi/lib/armv7-m\libc_s.a(lib_a-vfprintf_i.o)
 .ARM.attributes
                0x00000690       0x2d c:/siliconlabs/simplicitystudio/v3/developer/toolchains/gnu_arm/4.8_2013q4/bin/../lib/gcc/arm-none-eabi/4.8.3/../../../../arm-none-eabi/lib/armv7-m\libc_s.a(lib_a-memchr-stub.o)
 .ARM.attributes
                0x000006bd       0x2d c:/siliconlabs/simplicitystudio/v3/developer/toolchains/gnu_arm/4.8_2013q4/bin/../lib/gcc/arm-none-eabi/4.8.3/../../../../arm-none-eabi/lib/armv7-m\libc_s.a(lib_a-memcpy-stub.o)
 .ARM.attributes
                0x000006ea       0x2d c:/siliconlabs/simplicitystudio/v3/developer/toolchains/gnu_arm/4.8_2013q4/bin/../lib/gcc/arm-none-eabi/4.8.3/../../../../arm-none-eabi/lib/armv7-m\libc_s.a(lib_a-memmove.o)
 .ARM.attributes
                0x00000717       0x2d c:/siliconlabs/simplicitystudio/v3/developer/toolchains/gnu_arm/4.8_2013q4/bin/../lib/gcc/arm-none-eabi/4.8.3/../../../../arm-none-eabi/lib/armv7-m\libc_s.a(lib_a-nano-freer.o)
 .ARM.attributes
                0x00000744       0x2d c:/siliconlabs/simplicitystudio/v3/developer/toolchains/gnu_arm/4.8_2013q4/bin/../lib/gcc/arm-none-eabi/4.8.3/../../../../arm-none-eabi/lib/armv7-m\libc_s.a(lib_a-nano-mallocr.o)
 .ARM.attributes
                0x00000771       0x2d c:/siliconlabs/simplicitystudio/v3/developer/toolchains/gnu_arm/4.8_2013q4/bin/../lib/gcc/arm-none-eabi/4.8.3/../../../../arm-none-eabi/lib/armv7-m\libc_s.a(lib_a-nano-reallocr.o)
 .ARM.attributes
                0x0000079e       0x2d c:/siliconlabs/simplicitystudio/v3/developer/toolchains/gnu_arm/4.8_2013q4/bin/../lib/gcc/arm-none-eabi/4.8.3/../../../../arm-none-eabi/lib/armv7-m\libc_s.a(lib_a-sbrkr.o)
 .ARM.attributes
                0x000007cb       0x2d c:/siliconlabs/simplicitystudio/v3/developer/toolchains/gnu_arm/4.8_2013q4/bin/../lib/gcc/arm-none-eabi/4.8.3/../../../../arm-none-eabi/lib/armv7-m\libc_s.a(lib_a-nano-msizer.o)
 .ARM.attributes
                0x000007f8       0x2d c:/siliconlabs/simplicitystudio/v3/developer/toolchains/gnu_arm/4.8_2013q4/bin/../lib/gcc/arm-none-eabi/4.8.3/../../../../arm-none-eabi/lib/armv7-m\libc_s.a(lib_a-reent.o)
 .ARM.attributes
                0x00000825       0x2d c:/siliconlabs/simplicitystudio/v3/developer/toolchains/gnu_arm/4.8_2013q4/bin/../lib/gcc/arm-none-eabi/4.8.3/../../../../arm-none-eabi/lib/armv7-m\libnosys.a(sbrk.o)
 .ARM.attributes
                0x00000852       0x2d c:/siliconlabs/simplicitystudio/v3/developer/toolchains/gnu_arm/4.8_2013q4/bin/../lib/gcc/arm-none-eabi/4.8.3/../../../../arm-none-eabi/lib/armv7-m\libnosys.a(_exit.o)
 .ARM.attributes
                0x0000087f       0x2d c:/siliconlabs/simplicitystudio/v3/developer/toolchains/gnu_arm/4.8_2013q4/bin/../lib/gcc/arm-none-eabi/4.8.3/armv7-m/crtend.o
 .ARM.attributes
                0x000008ac       0x1d c:/siliconlabs/simplicitystudio/v3/developer/toolchains/gnu_arm/4.8_2013q4/bin/../lib/gcc/arm-none-eabi/4.8.3/armv7-m/crtn.o

.comment        0x00000000       0x70
 .comment       0x00000000       0x70 ./src/touchdemo.o
                                 0x71 (size before relaxing)
 .comment       0x00000000       0x71 ./emlib/em_acmp.o
 .comment       0x00000000       0x71 ./emlib/em_cmu.o
 .comment       0x00000000       0x71 ./emlib/em_emu.o
 .comment       0x00000000       0x71 ./emlib/em_gpio.o
 .comment       0x00000000       0x71 ./emlib/em_int.o
 .comment       0x00000000       0x71 ./emlib/em_lcd.o
 .comment       0x00000000       0x71 ./emlib/em_lesense.o
 .comment       0x00000000       0x71 ./emlib/em_rtc.o
 .comment       0x00000000       0x71 ./emlib/em_system.o
 .comment       0x00000000       0x71 ./emlib/em_vcmp.o
 .comment       0x00000000       0x71 ./Drivers/caplesense.o
 .comment       0x00000000       0x71 ./Drivers/rtcdriver.o
 .comment       0x00000000       0x71 ./Drivers/segmentlcd.o
 .comment       0x00000000       0x71 ./Drivers/vddcheck.o
 .comment       0x00000000       0x71 ./CMSIS/efm32gg/system_efm32gg.o
 .comment       0x00000000       0x71 ./BSP/bsp_trace.o

.debug_info     0x00000000     0xaf36
 .debug_info    0x00000000      0xc5b ./src/touchdemo.o
 .debug_info    0x00000c5b      0x626 ./emlib/em_acmp.o
 .debug_info    0x00001281     0x14d4 ./emlib/em_cmu.o
 .debug_info    0x00002755      0xd7c ./emlib/em_emu.o
 .debug_info    0x000034d1      0x644 ./emlib/em_gpio.o
 .debug_info    0x00003b15       0xa2 ./emlib/em_int.o
 .debug_info    0x00003bb7      0xa28 ./emlib/em_lcd.o
 .debug_info    0x000045df     0x13fb ./emlib/em_lesense.o
 .debug_info    0x000059da      0x329 ./emlib/em_rtc.o
 .debug_info    0x00005d03      0x241 ./emlib/em_system.o
 .debug_info    0x00005f44      0x2ed ./emlib/em_vcmp.o
 .debug_info    0x00006231     0x1729 ./Drivers/caplesense.o
 .debug_info    0x0000795a      0xd23 ./Drivers/rtcdriver.o
 .debug_info    0x0000867d     0x11aa ./Drivers/segmentlcd.o
 .debug_info    0x00009827      0x461 ./Drivers/vddcheck.o
 .debug_info    0x00009c88       0xed ./CMSIS/efm32gg/startup_efm32gg.o
 .debug_info    0x00009d75      0x55d ./CMSIS/efm32gg/system_efm32gg.o
 .debug_info    0x0000a2d2      0xc64 ./BSP/bsp_trace.o

.debug_abbrev   0x00000000     0x1e9b
 .debug_abbrev  0x00000000      0x286 ./src/touchdemo.o
 .debug_abbrev  0x00000286      0x1b9 ./emlib/em_acmp.o
 .debug_abbrev  0x0000043f      0x2f6 ./emlib/em_cmu.o
 .debug_abbrev  0x00000735      0x252 ./emlib/em_emu.o
 .debug_abbrev  0x00000987      0x1cd ./emlib/em_gpio.o
 .debug_abbrev  0x00000b54       0x5a ./emlib/em_int.o
 .debug_abbrev  0x00000bae      0x1c0 ./emlib/em_lcd.o
 .debug_abbrev  0x00000d6e      0x22e ./emlib/em_lesense.o
 .debug_abbrev  0x00000f9c      0x196 ./emlib/em_rtc.o
 .debug_abbrev  0x00001132       0xed ./emlib/em_system.o
 .debug_abbrev  0x0000121f      0x113 ./emlib/em_vcmp.o
 .debug_abbrev  0x00001332      0x2dc ./Drivers/caplesense.o
 .debug_abbrev  0x0000160e      0x2cb ./Drivers/rtcdriver.o
 .debug_abbrev  0x000018d9      0x197 ./Drivers/segmentlcd.o
 .debug_abbrev  0x00001a70      0x131 ./Drivers/vddcheck.o
 .debug_abbrev  0x00001ba1       0x14 ./CMSIS/efm32gg/startup_efm32gg.o
 .debug_abbrev  0x00001bb5      0x16b ./CMSIS/efm32gg/system_efm32gg.o
 .debug_abbrev  0x00001d20      0x17b ./BSP/bsp_trace.o

.debug_loc      0x00000000     0x321e
 .debug_loc     0x00000000      0x3b4 ./src/touchdemo.o
 .debug_loc     0x000003b4      0x230 ./emlib/em_acmp.o
 .debug_loc     0x000005e4      0x8d0 ./emlib/em_cmu.o
 .debug_loc     0x00000eb4      0x3b4 ./emlib/em_emu.o
 .debug_loc     0x00001268      0x268 ./emlib/em_gpio.o
 .debug_loc     0x000014d0      0x3b8 ./emlib/em_lcd.o
 .debug_loc     0x00001888      0x494 ./emlib/em_lesense.o
 .debug_loc     0x00001d1c      0x1a8 ./emlib/em_rtc.o
 .debug_loc     0x00001ec4       0x70 ./emlib/em_system.o
 .debug_loc     0x00001f34      0x10c ./emlib/em_vcmp.o
 .debug_loc     0x00002040      0x4aa ./Drivers/caplesense.o
 .debug_loc     0x000024ea      0x508 ./Drivers/rtcdriver.o
 .debug_loc     0x000029f2      0x45c ./Drivers/segmentlcd.o
 .debug_loc     0x00002e4e      0x14c ./Drivers/vddcheck.o
 .debug_loc     0x00002f9a      0x214 ./CMSIS/efm32gg/system_efm32gg.o
 .debug_loc     0x000031ae       0x70 ./BSP/bsp_trace.o

.debug_aranges  0x00000000      0x940
 .debug_aranges
                0x00000000       0xa8 ./src/touchdemo.o
 .debug_aranges
                0x000000a8       0x68 ./emlib/em_acmp.o
 .debug_aranges
                0x00000110      0x168 ./emlib/em_cmu.o
 .debug_aranges
                0x00000278       0xa8 ./emlib/em_emu.o
 .debug_aranges
                0x00000320       0x70 ./emlib/em_gpio.o
 .debug_aranges
                0x00000390       0x18 ./emlib/em_int.o
 .debug_aranges
                0x000003a8       0xa0 ./emlib/em_lcd.o
 .debug_aranges
                0x00000448       0xc8 ./emlib/em_lesense.o
 .debug_aranges
                0x00000510       0x58 ./emlib/em_rtc.o
 .debug_aranges
                0x00000568       0x28 ./emlib/em_system.o
 .debug_aranges
                0x00000590       0x40 ./emlib/em_vcmp.o
 .debug_aranges
                0x000005d0       0xd0 ./Drivers/caplesense.o
 .debug_aranges
                0x000006a0       0xd8 ./Drivers/rtcdriver.o
 .debug_aranges
                0x00000778       0xc0 ./Drivers/segmentlcd.o
 .debug_aranges
                0x00000838       0x50 ./Drivers/vddcheck.o
 .debug_aranges
                0x00000888       0x20 ./CMSIS/efm32gg/startup_efm32gg.o
 .debug_aranges
                0x000008a8       0x70 ./CMSIS/efm32gg/system_efm32gg.o
 .debug_aranges
                0x00000918       0x28 ./BSP/bsp_trace.o

.debug_ranges   0x00000000      0x808
 .debug_ranges  0x00000000       0x98 ./src/touchdemo.o
 .debug_ranges  0x00000098       0x58 ./emlib/em_acmp.o
 .debug_ranges  0x000000f0      0x158 ./emlib/em_cmu.o
 .debug_ranges  0x00000248       0x98 ./emlib/em_emu.o
 .debug_ranges  0x000002e0       0x60 ./emlib/em_gpio.o
 .debug_ranges  0x00000340       0x90 ./emlib/em_lcd.o
 .debug_ranges  0x000003d0       0xb8 ./emlib/em_lesense.o
 .debug_ranges  0x00000488       0x48 ./emlib/em_rtc.o
 .debug_ranges  0x000004d0       0x18 ./emlib/em_system.o
 .debug_ranges  0x000004e8       0x30 ./emlib/em_vcmp.o
 .debug_ranges  0x00000518       0xc0 ./Drivers/caplesense.o
 .debug_ranges  0x000005d8       0xc8 ./Drivers/rtcdriver.o
 .debug_ranges  0x000006a0       0xb0 ./Drivers/segmentlcd.o
 .debug_ranges  0x00000750       0x40 ./Drivers/vddcheck.o
 .debug_ranges  0x00000790       0x60 ./CMSIS/efm32gg/system_efm32gg.o
 .debug_ranges  0x000007f0       0x18 ./BSP/bsp_trace.o

.debug_line     0x00000000     0x46da
 .debug_line    0x00000000      0x4d0 ./src/touchdemo.o
 .debug_line    0x000004d0      0x36a ./emlib/em_acmp.o
 .debug_line    0x0000083a      0x97f ./emlib/em_cmu.o
 .debug_line    0x000011b9      0x4ba ./emlib/em_emu.o
 .debug_line    0x00001673      0x384 ./emlib/em_gpio.o
 .debug_line    0x000019f7      0x132 ./emlib/em_int.o
 .debug_line    0x00001b29      0x43d ./emlib/em_lcd.o
 .debug_line    0x00001f66      0x607 ./emlib/em_lesense.o
 .debug_line    0x0000256d      0x2cb ./emlib/em_rtc.o
 .debug_line    0x00002838      0x24f ./emlib/em_system.o
 .debug_line    0x00002a87      0x2a6 ./emlib/em_vcmp.o
 .debug_line    0x00002d2d      0x554 ./Drivers/caplesense.o
 .debug_line    0x00003281      0x61f ./Drivers/rtcdriver.o
 .debug_line    0x000038a0      0x5b0 ./Drivers/segmentlcd.o
 .debug_line    0x00003e50      0x2a9 ./Drivers/vddcheck.o
 .debug_line    0x000040f9       0xbe ./CMSIS/efm32gg/startup_efm32gg.o
 .debug_line    0x000041b7      0x2c4 ./CMSIS/efm32gg/system_efm32gg.o
 .debug_line    0x0000447b      0x25f ./BSP/bsp_trace.o

.debug_str      0x00000000     0x4c64
 .debug_str     0x00000000      0xccf ./src/touchdemo.o
                                0xd34 (size before relaxing)
 .debug_str     0x00000ccf      0x485 ./emlib/em_acmp.o
                                0x633 (size before relaxing)
 .debug_str     0x00001154      0xba1 ./emlib/em_cmu.o
                               0x1022 (size before relaxing)
 .debug_str     0x00001cf5      0x447 ./emlib/em_emu.o
                                0x826 (size before relaxing)
 .debug_str     0x0000213c      0x188 ./emlib/em_gpio.o
                                0x5d6 (size before relaxing)
 .debug_str     0x000022c4       0x5a ./emlib/em_int.o
                                0x1d6 (size before relaxing)
 .debug_str     0x0000231e      0x6d8 ./emlib/em_lcd.o
                                0x8cf (size before relaxing)
 .debug_str     0x000029f6     0x112e ./emlib/em_lesense.o
                               0x1578 (size before relaxing)
 .debug_str     0x00003b24       0xeb ./emlib/em_rtc.o
                                0x2bc (size before relaxing)
 .debug_str     0x00003c0f       0xb7 ./emlib/em_system.o
                                0x2a8 (size before relaxing)
 .debug_str     0x00003cc6      0x1f2 ./emlib/em_vcmp.o
                                0x3ae (size before relaxing)
 .debug_str     0x00003eb8      0x326 ./Drivers/caplesense.o
                               0x1adf (size before relaxing)
 .debug_str     0x000041de      0x315 ./Drivers/rtcdriver.o
                                0xb95 (size before relaxing)
 .debug_str     0x000044f3      0x371 ./Drivers/segmentlcd.o
                                0xe01 (size before relaxing)
 .debug_str     0x00004864       0xc8 ./Drivers/vddcheck.o
                                0x62c (size before relaxing)
 .debug_str     0x0000492c      0x158 ./CMSIS/efm32gg/system_efm32gg.o
                                0x495 (size before relaxing)
 .debug_str     0x00004a84      0x1e0 ./BSP/bsp_trace.o
                                0x7bb (size before relaxing)

.debug_frame    0x00000000     0x20e0
 .debug_frame   0x00000000      0x224 ./src/touchdemo.o
 .debug_frame   0x00000224      0x138 ./emlib/em_acmp.o
 .debug_frame   0x0000035c      0x4dc ./emlib/em_cmu.o
 .debug_frame   0x00000838      0x210 ./emlib/em_emu.o
 .debug_frame   0x00000a48      0x154 ./emlib/em_gpio.o
 .debug_frame   0x00000b9c      0x1fc ./emlib/em_lcd.o
 .debug_frame   0x00000d98      0x284 ./emlib/em_lesense.o
 .debug_frame   0x0000101c       0xf0 ./emlib/em_rtc.o
 .debug_frame   0x0000110c       0x48 ./emlib/em_system.o
 .debug_frame   0x00001154       0x9c ./emlib/em_vcmp.o
 .debug_frame   0x000011f0      0x298 ./Drivers/caplesense.o
 .debug_frame   0x00001488      0x2e4 ./Drivers/rtcdriver.o
 .debug_frame   0x0000176c      0x28c ./Drivers/segmentlcd.o
 .debug_frame   0x000019f8       0xd4 ./Drivers/vddcheck.o
 .debug_frame   0x00001acc      0x138 ./CMSIS/efm32gg/system_efm32gg.o
 .debug_frame   0x00001c04       0x50 ./BSP/bsp_trace.o
 .debug_frame   0x00001c54       0x58 c:/siliconlabs/simplicitystudio/v3/developer/toolchains/gnu_arm/4.8_2013q4/bin/../lib/gcc/arm-none-eabi/4.8.3/armv7-m\libgcc.a(bpabi.o)
 .debug_frame   0x00001cac       0x34 c:/siliconlabs/simplicitystudio/v3/developer/toolchains/gnu_arm/4.8_2013q4/bin/../lib/gcc/arm-none-eabi/4.8.3/armv7-m\libgcc.a(_divdi3.o)
 .debug_frame   0x00001ce0       0x34 c:/siliconlabs/simplicitystudio/v3/developer/toolchains/gnu_arm/4.8_2013q4/bin/../lib/gcc/arm-none-eabi/4.8.3/armv7-m\libgcc.a(_udivdi3.o)
 .debug_frame   0x00001d14       0x20 c:/siliconlabs/simplicitystudio/v3/developer/toolchains/gnu_arm/4.8_2013q4/bin/../lib/gcc/arm-none-eabi/4.8.3/../../../../arm-none-eabi/lib/armv7-m\libc_s.a(lib_a-abs.o)
 .debug_frame   0x00001d34       0x28 c:/siliconlabs/simplicitystudio/v3/developer/toolchains/gnu_arm/4.8_2013q4/bin/../lib/gcc/arm-none-eabi/4.8.3/../../../../arm-none-eabi/lib/armv7-m\libc_s.a(lib_a-exit.o)
 .debug_frame   0x00001d5c       0x2c c:/siliconlabs/simplicitystudio/v3/developer/toolchains/gnu_arm/4.8_2013q4/bin/../lib/gcc/arm-none-eabi/4.8.3/../../../../arm-none-eabi/lib/armv7-m\libc_s.a(lib_a-init.o)
 .debug_frame   0x00001d88       0x20 c:/siliconlabs/simplicitystudio/v3/developer/toolchains/gnu_arm/4.8_2013q4/bin/../lib/gcc/arm-none-eabi/4.8.3/../../../../arm-none-eabi/lib/armv7-m\libc_s.a(lib_a-memset.o)
 .debug_frame   0x00001da8       0x58 c:/siliconlabs/simplicitystudio/v3/developer/toolchains/gnu_arm/4.8_2013q4/bin/../lib/gcc/arm-none-eabi/4.8.3/../../../../arm-none-eabi/lib/armv7-m\libc_s.a(lib_a-snprintf.o)
 .debug_frame   0x00001e00       0x20 c:/siliconlabs/simplicitystudio/v3/developer/toolchains/gnu_arm/4.8_2013q4/bin/../lib/gcc/arm-none-eabi/4.8.3/../../../../arm-none-eabi/lib/armv7-m\libc_s.a(lib_a-strlen.o)
 .debug_frame   0x00001e20       0x88 c:/siliconlabs/simplicitystudio/v3/developer/toolchains/gnu_arm/4.8_2013q4/bin/../lib/gcc/arm-none-eabi/4.8.3/../../../../arm-none-eabi/lib/armv7-m\libc_s.a(lib_a-svfprintf.o)
 .debug_frame   0x00001ea8       0x60 c:/siliconlabs/simplicitystudio/v3/developer/toolchains/gnu_arm/4.8_2013q4/bin/../lib/gcc/arm-none-eabi/4.8.3/../../../../arm-none-eabi/lib/armv7-m\libc_s.a(lib_a-vfprintf_i.o)
 .debug_frame   0x00001f08       0x28 c:/siliconlabs/simplicitystudio/v3/developer/toolchains/gnu_arm/4.8_2013q4/bin/../lib/gcc/arm-none-eabi/4.8.3/../../../../arm-none-eabi/lib/armv7-m\libc_s.a(lib_a-memchr-stub.o)
 .debug_frame   0x00001f30       0x28 c:/siliconlabs/simplicitystudio/v3/developer/toolchains/gnu_arm/4.8_2013q4/bin/../lib/gcc/arm-none-eabi/4.8.3/../../../../arm-none-eabi/lib/armv7-m\libc_s.a(lib_a-memcpy-stub.o)
 .debug_frame   0x00001f58       0x2c c:/siliconlabs/simplicitystudio/v3/developer/toolchains/gnu_arm/4.8_2013q4/bin/../lib/gcc/arm-none-eabi/4.8.3/../../../../arm-none-eabi/lib/armv7-m\libc_s.a(lib_a-memmove.o)
 .debug_frame   0x00001f84       0x2c c:/siliconlabs/simplicitystudio/v3/developer/toolchains/gnu_arm/4.8_2013q4/bin/../lib/gcc/arm-none-eabi/4.8.3/../../../../arm-none-eabi/lib/armv7-m\libc_s.a(lib_a-nano-freer.o)
 .debug_frame   0x00001fb0       0x2c c:/siliconlabs/simplicitystudio/v3/developer/toolchains/gnu_arm/4.8_2013q4/bin/../lib/gcc/arm-none-eabi/4.8.3/../../../../arm-none-eabi/lib/armv7-m\libc_s.a(lib_a-nano-mallocr.o)
 .debug_frame   0x00001fdc       0x30 c:/siliconlabs/simplicitystudio/v3/developer/toolchains/gnu_arm/4.8_2013q4/bin/../lib/gcc/arm-none-eabi/4.8.3/../../../../arm-none-eabi/lib/armv7-m\libc_s.a(lib_a-nano-reallocr.o)
 .debug_frame   0x0000200c       0x2c c:/siliconlabs/simplicitystudio/v3/developer/toolchains/gnu_arm/4.8_2013q4/bin/../lib/gcc/arm-none-eabi/4.8.3/../../../../arm-none-eabi/lib/armv7-m\libc_s.a(lib_a-sbrkr.o)
 .debug_frame   0x00002038       0x20 c:/siliconlabs/simplicitystudio/v3/developer/toolchains/gnu_arm/4.8_2013q4/bin/../lib/gcc/arm-none-eabi/4.8.3/../../../../arm-none-eabi/lib/armv7-m\libc_s.a(lib_a-nano-msizer.o)
 .debug_frame   0x00002058       0x48 c:/siliconlabs/simplicitystudio/v3/developer/toolchains/gnu_arm/4.8_2013q4/bin/../lib/gcc/arm-none-eabi/4.8.3/../../../../arm-none-eabi/lib/armv7-m\libc_s.a(lib_a-reent.o)
 .debug_frame   0x000020a0       0x20 c:/siliconlabs/simplicitystudio/v3/developer/toolchains/gnu_arm/4.8_2013q4/bin/../lib/gcc/arm-none-eabi/4.8.3/../../../../arm-none-eabi/lib/armv7-m\libnosys.a(sbrk.o)
 .debug_frame   0x000020c0       0x20 c:/siliconlabs/simplicitystudio/v3/developer/toolchains/gnu_arm/4.8_2013q4/bin/../lib/gcc/arm-none-eabi/4.8.3/../../../../arm-none-eabi/lib/armv7-m\libnosys.a(_exit.o)
